
============================================================
  Multi-Server Launcher
============================================================
RC URL: http://127.0.0.1:5000
Launching 3 server(s)...

✓ [1/3] Launched hospital1       on port 5001 (Mumbai)
✓ [2/3] Launched hospital2       on port 5002 (Delhi)
✓ [3/3] Launched hospital3       on port 5003 (Bangalore)

============================================================
  3 server(s) running
============================================================

Press Ctrl+C to stop all servers...


⚠️  Server hospital1 (port 5001) terminated unexpectedly!
Error output:
[31m[1mWARNING: This is a development server. Do not use it in a production deployment. Use a production WSGI server instead.[0m
 * Running on all addresses (0.0.0.0)
 * Running on http://127.0.0.1:5001
 * Running on http://10.3.6.133:5001
[33mPress CTRL+C to quit[0m
127.0.0.1 - - [14/Nov/2025 11:44:21] "GET / HTTP/1.1" 200 -


⚠️  Server hospital2 (port 5002) terminated unexpectedly!
Error output:
[31m[1mWARNING: This is a development server. Do not use it in a production deployment. Use a production WSGI server instead.[0m
 * Running on all addresses (0.0.0.0)
 * Running on http://127.0.0.1:5002
 * Running on http://10.3.6.133:5002
[33mPress CTRL+C to quit[0m
127.0.0.1 - - [14/Nov/2025 11:44:22] "GET / HTTP/1.1" 200 -
127.0.0.1 - - [14/Nov/2025 11:47:17] "[35m[1mPOST /authenticate HTTP/1.1[0m" 500 -


⚠️  Server hospital3 (port 5003) terminated unexpectedly!
Error output:
[31m[1mWARNING: This is a development server. Do not use it in a production deployment. Use a production WSGI server instead.[0m
 * Running on all addresses (0.0.0.0)
 * Running on http://127.0.0.1:5003
 * Running on http://10.3.6.133:5003
[33mPress CTRL+C to quit[0m
127.0.0.1 - - [14/Nov/2025 11:44:22] "GET / HTTP/1.1" 200 -


⚠️  Server hospital1 (port 5001) terminated unexpectedly!

⚠️  Server hospital2 (port 5002) terminated unexpectedly!

⚠️  Server hospital3 (port 5003) terminated unexpectedly!

⚠️  Server hospital1 (port 5001) terminated unexpectedly!

⚠️  Server hospital2 (port 5002) terminated unexpectedly!

⚠️  Server hospital3 (port 5003) terminated unexpectedly!

⚠️  Server hospital1 (port 5001) terminated unexpectedly!

⚠️  Server hospital2 (port 5002) terminated unexpectedly!

⚠️  Server hospital3 (port 5003) terminated unexpectedly!

⚠️  Server hospital1 (port 5001) terminated unexpectedly!

⚠️  Server hospital2 (port 5002) terminated unexpectedly!

⚠️  Server hospital3 (port 5003) terminated unexpectedly!

⚠️  Server hospital1 (port 5001) terminated unexpectedly!

⚠️  Server hospital2 (port 5002) terminated unexpectedly!

⚠️  Server hospital3 (port 5003) terminated unexpectedly!

⚠️  Server hospital1 (port 5001) terminated unexpectedly!

⚠️  Server hospital2 (port 5002) terminated unexpectedly!

⚠️  Server hospital3 (port 5003) terminated unexpectedly!

⚠️  Server hospital1 (port 5001) terminated unexpectedly!

⚠️  Server hospital2 (port 5002) terminated unexpectedly!

⚠️  Server hospital3 (port 5003) terminated unexpectedly!

⚠️  Server hospital1 (port 5001) terminated unexpectedly!

⚠️  Server hospital2 (port 5002) terminated unexpectedly!

⚠️  Server hospital3 (port 5003) terminated unexpectedly!

⚠️  Server hospital1 (port 5001) terminated unexpectedly!

⚠️  Server hospital2 (port 5002) terminated unexpectedly!

⚠️  Server hospital3 (port 5003) terminated unexpectedly!

⚠️  Server hospital1 (port 5001) terminated unexpectedly!

⚠️  Server hospital2 (port 5002) terminated unexpectedly!

⚠️  Server hospital3 (port 5003) terminated unexpectedly!

⚠️  Server hospital1 (port 5001) terminated unexpectedly!

⚠️  Server hospital2 (port 5002) terminated unexpectedly!

⚠️  Server hospital3 (port 5003) terminated unexpectedly!

⚠️  Server hospital1 (port 5001) terminated unexpectedly!

⚠️  Server hospital2 (port 5002) terminated unexpectedly!

⚠️  Server hospital3 (port 5003) terminated unexpectedly!

⚠️  Server hospital1 (port 5001) terminated unexpectedly!

⚠️  Server hospital2 (port 5002) terminated unexpectedly!

⚠️  Server hospital3 (port 5003) terminated unexpectedly!

⚠️  Server hospital1 (port 5001) terminated unexpectedly!

⚠️  Server hospital2 (port 5002) terminated unexpectedly!

⚠️  Server hospital3 (port 5003) terminated unexpectedly!

⚠️  Server hospital1 (port 5001) terminated unexpectedly!

⚠️  Server hospital2 (port 5002) terminated unexpectedly!

⚠️  Server hospital3 (port 5003) terminated unexpectedly!

⚠️  Server hospital1 (port 5001) terminated unexpectedly!

⚠️  Server hospital2 (port 5002) terminated unexpectedly!

⚠️  Server hospital3 (port 5003) terminated unexpectedly!

⚠️  Server hospital1 (port 5001) terminated unexpectedly!

⚠️  Server hospital2 (port 5002) terminated unexpectedly!

⚠️  Server hospital3 (port 5003) terminated unexpectedly!

⚠️  Server hospital1 (port 5001) terminated unexpectedly!

⚠️  Server hospital2 (port 5002) terminated unexpectedly!

⚠️  Server hospital3 (port 5003) terminated unexpectedly!

⚠️  Server hospital1 (port 5001) terminated unexpectedly!

⚠️  Server hospital2 (port 5002) terminated unexpectedly!

⚠️  Server hospital3 (port 5003) terminated unexpectedly!

⚠️  Server hospital1 (port 5001) terminated unexpectedly!

⚠️  Server hospital2 (port 5002) terminated unexpectedly!

⚠️  Server hospital3 (port 5003) terminated unexpectedly!

⚠️  Server hospital1 (port 5001) terminated unexpectedly!

⚠️  Server hospital2 (port 5002) terminated unexpectedly!

⚠️  Server hospital3 (port 5003) terminated unexpectedly!

⚠️  Server hospital1 (port 5001) terminated unexpectedly!

⚠️  Server hospital2 (port 5002) terminated unexpectedly!

⚠️  Server hospital3 (port 5003) terminated unexpectedly!

⚠️  Server hospital1 (port 5001) terminated unexpectedly!

⚠️  Server hospital2 (port 5002) terminated unexpectedly!

⚠️  Server hospital3 (port 5003) terminated unexpectedly!

⚠️  Server hospital1 (port 5001) terminated unexpectedly!

⚠️  Server hospital2 (port 5002) terminated unexpectedly!

⚠️  Server hospital3 (port 5003) terminated unexpectedly!

⚠️  Server hospital1 (port 5001) terminated unexpectedly!

⚠️  Server hospital2 (port 5002) terminated unexpectedly!

⚠️  Server hospital3 (port 5003) terminated unexpectedly!

⚠️  Server hospital1 (port 5001) terminated unexpectedly!

⚠️  Server hospital2 (port 5002) terminated unexpectedly!

⚠️  Server hospital3 (port 5003) terminated unexpectedly!

⚠️  Server hospital1 (port 5001) terminated unexpectedly!

⚠️  Server hospital2 (port 5002) terminated unexpectedly!

⚠️  Server hospital3 (port 5003) terminated unexpectedly!

⚠️  Server hospital1 (port 5001) terminated unexpectedly!

⚠️  Server hospital2 (port 5002) terminated unexpectedly!

⚠️  Server hospital3 (port 5003) terminated unexpectedly!

⚠️  Server hospital1 (port 5001) terminated unexpectedly!

⚠️  Server hospital2 (port 5002) terminated unexpectedly!

⚠️  Server hospital3 (port 5003) terminated unexpectedly!

⚠️  Server hospital1 (port 5001) terminated unexpectedly!

⚠️  Server hospital2 (port 5002) terminated unexpectedly!

⚠️  Server hospital3 (port 5003) terminated unexpectedly!

⚠️  Server hospital1 (port 5001) terminated unexpectedly!

⚠️  Server hospital2 (port 5002) terminated unexpectedly!

⚠️  Server hospital3 (port 5003) terminated unexpectedly!

⚠️  Server hospital1 (port 5001) terminated unexpectedly!

⚠️  Server hospital2 (port 5002) terminated unexpectedly!

⚠️  Server hospital3 (port 5003) terminated unexpectedly!

⚠️  Server hospital1 (port 5001) terminated unexpectedly!

⚠️  Server hospital2 (port 5002) terminated unexpectedly!

⚠️  Server hospital3 (port 5003) terminated unexpectedly!

⚠️  Server hospital1 (port 5001) terminated unexpectedly!

⚠️  Server hospital2 (port 5002) terminated unexpectedly!

⚠️  Server hospital3 (port 5003) terminated unexpectedly!

⚠️  Server hospital1 (port 5001) terminated unexpectedly!

⚠️  Server hospital2 (port 5002) terminated unexpectedly!

⚠️  Server hospital3 (port 5003) terminated unexpectedly!

⚠️  Server hospital1 (port 5001) terminated unexpectedly!

⚠️  Server hospital2 (port 5002) terminated unexpectedly!

⚠️  Server hospital3 (port 5003) terminated unexpectedly!

⚠️  Server hospital1 (port 5001) terminated unexpectedly!

⚠️  Server hospital2 (port 5002) terminated unexpectedly!

⚠️  Server hospital3 (port 5003) terminated unexpectedly!

⚠️  Server hospital1 (port 5001) terminated unexpectedly!

⚠️  Server hospital2 (port 5002) terminated unexpectedly!

⚠️  Server hospital3 (port 5003) terminated unexpectedly!

⚠️  Server hospital1 (port 5001) terminated unexpectedly!

⚠️  Server hospital2 (port 5002) terminated unexpectedly!

⚠️  Server hospital3 (port 5003) terminated unexpectedly!

⚠️  Server hospital1 (port 5001) terminated unexpectedly!

⚠️  Server hospital2 (port 5002) terminated unexpectedly!

⚠️  Server hospital3 (port 5003) terminated unexpectedly!

⚠️  Server hospital1 (port 5001) terminated unexpectedly!

⚠️  Server hospital2 (port 5002) terminated unexpectedly!

⚠️  Server hospital3 (port 5003) terminated unexpectedly!

⚠️  Server hospital1 (port 5001) terminated unexpectedly!

⚠️  Server hospital2 (port 5002) terminated unexpectedly!

⚠️  Server hospital3 (port 5003) terminated unexpectedly!

⚠️  Server hospital1 (port 5001) terminated unexpectedly!

⚠️  Server hospital2 (port 5002) terminated unexpectedly!

⚠️  Server hospital3 (port 5003) terminated unexpectedly!

⚠️  Server hospital1 (port 5001) terminated unexpectedly!

⚠️  Server hospital2 (port 5002) terminated unexpectedly!

⚠️  Server hospital3 (port 5003) terminated unexpectedly!

⚠️  Server hospital1 (port 5001) terminated unexpectedly!

⚠️  Server hospital2 (port 5002) terminated unexpectedly!

⚠️  Server hospital3 (port 5003) terminated unexpectedly!

⚠️  Server hospital1 (port 5001) terminated unexpectedly!

⚠️  Server hospital2 (port 5002) terminated unexpectedly!

⚠️  Server hospital3 (port 5003) terminated unexpectedly!

⚠️  Server hospital1 (port 5001) terminated unexpectedly!

⚠️  Server hospital2 (port 5002) terminated unexpectedly!

⚠️  Server hospital3 (port 5003) terminated unexpectedly!

⚠️  Server hospital1 (port 5001) terminated unexpectedly!

⚠️  Server hospital2 (port 5002) terminated unexpectedly!

⚠️  Server hospital3 (port 5003) terminated unexpectedly!

⚠️  Server hospital1 (port 5001) terminated unexpectedly!

⚠️  Server hospital2 (port 5002) terminated unexpectedly!

⚠️  Server hospital3 (port 5003) terminated unexpectedly!

⚠️  Server hospital1 (port 5001) terminated unexpectedly!

⚠️  Server hospital2 (port 5002) terminated unexpectedly!

⚠️  Server hospital3 (port 5003) terminated unexpectedly!

⚠️  Server hospital1 (port 5001) terminated unexpectedly!

⚠️  Server hospital2 (port 5002) terminated unexpectedly!

⚠️  Server hospital3 (port 5003) terminated unexpectedly!

⚠️  Server hospital1 (port 5001) terminated unexpectedly!

⚠️  Server hospital2 (port 5002) terminated unexpectedly!

⚠️  Server hospital3 (port 5003) terminated unexpectedly!

⚠️  Server hospital1 (port 5001) terminated unexpectedly!

⚠️  Server hospital2 (port 5002) terminated unexpectedly!

⚠️  Server hospital3 (port 5003) terminated unexpectedly!

⚠️  Server hospital1 (port 5001) terminated unexpectedly!

⚠️  Server hospital2 (port 5002) terminated unexpectedly!

⚠️  Server hospital3 (port 5003) terminated unexpectedly!

⚠️  Server hospital1 (port 5001) terminated unexpectedly!

⚠️  Server hospital2 (port 5002) terminated unexpectedly!

⚠️  Server hospital3 (port 5003) terminated unexpectedly!

⚠️  Server hospital1 (port 5001) terminated unexpectedly!

⚠️  Server hospital2 (port 5002) terminated unexpectedly!

⚠️  Server hospital3 (port 5003) terminated unexpectedly!

⚠️  Server hospital1 (port 5001) terminated unexpectedly!

⚠️  Server hospital2 (port 5002) terminated unexpectedly!

⚠️  Server hospital3 (port 5003) terminated unexpectedly!

⚠️  Server hospital1 (port 5001) terminated unexpectedly!

⚠️  Server hospital2 (port 5002) terminated unexpectedly!

⚠️  Server hospital3 (port 5003) terminated unexpectedly!

⚠️  Server hospital1 (port 5001) terminated unexpectedly!

⚠️  Server hospital2 (port 5002) terminated unexpectedly!

⚠️  Server hospital3 (port 5003) terminated unexpectedly!

⚠️  Server hospital1 (port 5001) terminated unexpectedly!

⚠️  Server hospital2 (port 5002) terminated unexpectedly!

⚠️  Server hospital3 (port 5003) terminated unexpectedly!

⚠️  Server hospital1 (port 5001) terminated unexpectedly!

⚠️  Server hospital2 (port 5002) terminated unexpectedly!

⚠️  Server hospital3 (port 5003) terminated unexpectedly!

⚠️  Server hospital1 (port 5001) terminated unexpectedly!

⚠️  Server hospital2 (port 5002) terminated unexpectedly!

⚠️  Server hospital3 (port 5003) terminated unexpectedly!

⚠️  Server hospital1 (port 5001) terminated unexpectedly!

⚠️  Server hospital2 (port 5002) terminated unexpectedly!

⚠️  Server hospital3 (port 5003) terminated unexpectedly!

⚠️  Server hospital1 (port 5001) terminated unexpectedly!

⚠️  Server hospital2 (port 5002) terminated unexpectedly!

⚠️  Server hospital3 (port 5003) terminated unexpectedly!

⚠️  Server hospital1 (port 5001) terminated unexpectedly!

⚠️  Server hospital2 (port 5002) terminated unexpectedly!

⚠️  Server hospital3 (port 5003) terminated unexpectedly!

⚠️  Server hospital1 (port 5001) terminated unexpectedly!

⚠️  Server hospital2 (port 5002) terminated unexpectedly!

⚠️  Server hospital3 (port 5003) terminated unexpectedly!

⚠️  Server hospital1 (port 5001) terminated unexpectedly!

⚠️  Server hospital2 (port 5002) terminated unexpectedly!

⚠️  Server hospital3 (port 5003) terminated unexpectedly!

⚠️  Server hospital1 (port 5001) terminated unexpectedly!

⚠️  Server hospital2 (port 5002) terminated unexpectedly!

⚠️  Server hospital3 (port 5003) terminated unexpectedly!

⚠️  Server hospital1 (port 5001) terminated unexpectedly!

⚠️  Server hospital2 (port 5002) terminated unexpectedly!

⚠️  Server hospital3 (port 5003) terminated unexpectedly!

⚠️  Server hospital1 (port 5001) terminated unexpectedly!

⚠️  Server hospital2 (port 5002) terminated unexpectedly!

⚠️  Server hospital3 (port 5003) terminated unexpectedly!

⚠️  Server hospital1 (port 5001) terminated unexpectedly!

⚠️  Server hospital2 (port 5002) terminated unexpectedly!

⚠️  Server hospital3 (port 5003) terminated unexpectedly!

⚠️  Server hospital1 (port 5001) terminated unexpectedly!

⚠️  Server hospital2 (port 5002) terminated unexpectedly!

⚠️  Server hospital3 (port 5003) terminated unexpectedly!

⚠️  Server hospital1 (port 5001) terminated unexpectedly!

⚠️  Server hospital2 (port 5002) terminated unexpectedly!

⚠️  Server hospital3 (port 5003) terminated unexpectedly!

⚠️  Server hospital1 (port 5001) terminated unexpectedly!

⚠️  Server hospital2 (port 5002) terminated unexpectedly!

⚠️  Server hospital3 (port 5003) terminated unexpectedly!

⚠️  Server hospital1 (port 5001) terminated unexpectedly!

⚠️  Server hospital2 (port 5002) terminated unexpectedly!

⚠️  Server hospital3 (port 5003) terminated unexpectedly!

⚠️  Server hospital1 (port 5001) terminated unexpectedly!

⚠️  Server hospital2 (port 5002) terminated unexpectedly!

⚠️  Server hospital3 (port 5003) terminated unexpectedly!

⚠️  Server hospital1 (port 5001) terminated unexpectedly!

⚠️  Server hospital2 (port 5002) terminated unexpectedly!

⚠️  Server hospital3 (port 5003) terminated unexpectedly!

⚠️  Server hospital1 (port 5001) terminated unexpectedly!

⚠️  Server hospital2 (port 5002) terminated unexpectedly!

⚠️  Server hospital3 (port 5003) terminated unexpectedly!

⚠️  Server hospital1 (port 5001) terminated unexpectedly!

⚠️  Server hospital2 (port 5002) terminated unexpectedly!

⚠️  Server hospital3 (port 5003) terminated unexpectedly!

⚠️  Server hospital1 (port 5001) terminated unexpectedly!

⚠️  Server hospital2 (port 5002) terminated unexpectedly!

⚠️  Server hospital3 (port 5003) terminated unexpectedly!

⚠️  Server hospital1 (port 5001) terminated unexpectedly!

⚠️  Server hospital2 (port 5002) terminated unexpectedly!

⚠️  Server hospital3 (port 5003) terminated unexpectedly!

⚠️  Server hospital1 (port 5001) terminated unexpectedly!

⚠️  Server hospital2 (port 5002) terminated unexpectedly!

⚠️  Server hospital3 (port 5003) terminated unexpectedly!

⚠️  Server hospital1 (port 5001) terminated unexpectedly!

⚠️  Server hospital2 (port 5002) terminated unexpectedly!

⚠️  Server hospital3 (port 5003) terminated unexpectedly!

⚠️  Server hospital1 (port 5001) terminated unexpectedly!

⚠️  Server hospital2 (port 5002) terminated unexpectedly!

⚠️  Server hospital3 (port 5003) terminated unexpectedly!

⚠️  Server hospital1 (port 5001) terminated unexpectedly!

⚠️  Server hospital2 (port 5002) terminated unexpectedly!

⚠️  Server hospital3 (port 5003) terminated unexpectedly!

⚠️  Server hospital1 (port 5001) terminated unexpectedly!

⚠️  Server hospital2 (port 5002) terminated unexpectedly!

⚠️  Server hospital3 (port 5003) terminated unexpectedly!

⚠️  Server hospital1 (port 5001) terminated unexpectedly!

⚠️  Server hospital2 (port 5002) terminated unexpectedly!

⚠️  Server hospital3 (port 5003) terminated unexpectedly!

⚠️  Server hospital1 (port 5001) terminated unexpectedly!

⚠️  Server hospital2 (port 5002) terminated unexpectedly!

⚠️  Server hospital3 (port 5003) terminated unexpectedly!

⚠️  Server hospital1 (port 5001) terminated unexpectedly!

⚠️  Server hospital2 (port 5002) terminated unexpectedly!

⚠️  Server hospital3 (port 5003) terminated unexpectedly!

⚠️  Server hospital1 (port 5001) terminated unexpectedly!

⚠️  Server hospital2 (port 5002) terminated unexpectedly!

⚠️  Server hospital3 (port 5003) terminated unexpectedly!

⚠️  Server hospital1 (port 5001) terminated unexpectedly!

⚠️  Server hospital2 (port 5002) terminated unexpectedly!

⚠️  Server hospital3 (port 5003) terminated unexpectedly!

⚠️  Server hospital1 (port 5001) terminated unexpectedly!

⚠️  Server hospital2 (port 5002) terminated unexpectedly!

⚠️  Server hospital3 (port 5003) terminated unexpectedly!

⚠️  Server hospital1 (port 5001) terminated unexpectedly!

⚠️  Server hospital2 (port 5002) terminated unexpectedly!

⚠️  Server hospital3 (port 5003) terminated unexpectedly!

⚠️  Server hospital1 (port 5001) terminated unexpectedly!

⚠️  Server hospital2 (port 5002) terminated unexpectedly!

⚠️  Server hospital3 (port 5003) terminated unexpectedly!

⚠️  Server hospital1 (port 5001) terminated unexpectedly!

⚠️  Server hospital2 (port 5002) terminated unexpectedly!

⚠️  Server hospital3 (port 5003) terminated unexpectedly!

⚠️  Server hospital1 (port 5001) terminated unexpectedly!

⚠️  Server hospital2 (port 5002) terminated unexpectedly!

⚠️  Server hospital3 (port 5003) terminated unexpectedly!

⚠️  Server hospital1 (port 5001) terminated unexpectedly!

⚠️  Server hospital2 (port 5002) terminated unexpectedly!

⚠️  Server hospital3 (port 5003) terminated unexpectedly!

⚠️  Server hospital1 (port 5001) terminated unexpectedly!

⚠️  Server hospital2 (port 5002) terminated unexpectedly!

⚠️  Server hospital3 (port 5003) terminated unexpectedly!

⚠️  Server hospital1 (port 5001) terminated unexpectedly!

⚠️  Server hospital2 (port 5002) terminated unexpectedly!

⚠️  Server hospital3 (port 5003) terminated unexpectedly!

⚠️  Server hospital1 (port 5001) terminated unexpectedly!

⚠️  Server hospital2 (port 5002) terminated unexpectedly!

⚠️  Server hospital3 (port 5003) terminated unexpectedly!

⚠️  Server hospital1 (port 5001) terminated unexpectedly!

⚠️  Server hospital2 (port 5002) terminated unexpectedly!

⚠️  Server hospital3 (port 5003) terminated unexpectedly!

⚠️  Server hospital1 (port 5001) terminated unexpectedly!

⚠️  Server hospital2 (port 5002) terminated unexpectedly!

⚠️  Server hospital3 (port 5003) terminated unexpectedly!

⚠️  Server hospital1 (port 5001) terminated unexpectedly!

⚠️  Server hospital2 (port 5002) terminated unexpectedly!

⚠️  Server hospital3 (port 5003) terminated unexpectedly!

⚠️  Server hospital1 (port 5001) terminated unexpectedly!

⚠️  Server hospital2 (port 5002) terminated unexpectedly!

⚠️  Server hospital3 (port 5003) terminated unexpectedly!

⚠️  Server hospital1 (port 5001) terminated unexpectedly!

⚠️  Server hospital2 (port 5002) terminated unexpectedly!

⚠️  Server hospital3 (port 5003) terminated unexpectedly!

⚠️  Server hospital1 (port 5001) terminated unexpectedly!

⚠️  Server hospital2 (port 5002) terminated unexpectedly!

⚠️  Server hospital3 (port 5003) terminated unexpectedly!

⚠️  Server hospital1 (port 5001) terminated unexpectedly!

⚠️  Server hospital2 (port 5002) terminated unexpectedly!

⚠️  Server hospital3 (port 5003) terminated unexpectedly!

⚠️  Server hospital1 (port 5001) terminated unexpectedly!

⚠️  Server hospital2 (port 5002) terminated unexpectedly!

⚠️  Server hospital3 (port 5003) terminated unexpectedly!

⚠️  Server hospital1 (port 5001) terminated unexpectedly!

⚠️  Server hospital2 (port 5002) terminated unexpectedly!

⚠️  Server hospital3 (port 5003) terminated unexpectedly!

⚠️  Server hospital1 (port 5001) terminated unexpectedly!

⚠️  Server hospital2 (port 5002) terminated unexpectedly!

⚠️  Server hospital3 (port 5003) terminated unexpectedly!

⚠️  Server hospital1 (port 5001) terminated unexpectedly!

⚠️  Server hospital2 (port 5002) terminated unexpectedly!

⚠️  Server hospital3 (port 5003) terminated unexpectedly!

⚠️  Server hospital1 (port 5001) terminated unexpectedly!

⚠️  Server hospital2 (port 5002) terminated unexpectedly!

⚠️  Server hospital3 (port 5003) terminated unexpectedly!

⚠️  Server hospital1 (port 5001) terminated unexpectedly!

⚠️  Server hospital2 (port 5002) terminated unexpectedly!

⚠️  Server hospital3 (port 5003) terminated unexpectedly!

⚠️  Server hospital1 (port 5001) terminated unexpectedly!

⚠️  Server hospital2 (port 5002) terminated unexpectedly!

⚠️  Server hospital3 (port 5003) terminated unexpectedly!

⚠️  Server hospital1 (port 5001) terminated unexpectedly!

⚠️  Server hospital2 (port 5002) terminated unexpectedly!

⚠️  Server hospital3 (port 5003) terminated unexpectedly!

⚠️  Server hospital1 (port 5001) terminated unexpectedly!

⚠️  Server hospital2 (port 5002) terminated unexpectedly!

⚠️  Server hospital3 (port 5003) terminated unexpectedly!

⚠️  Server hospital1 (port 5001) terminated unexpectedly!

⚠️  Server hospital2 (port 5002) terminated unexpectedly!

⚠️  Server hospital3 (port 5003) terminated unexpectedly!

⚠️  Server hospital1 (port 5001) terminated unexpectedly!

⚠️  Server hospital2 (port 5002) terminated unexpectedly!

⚠️  Server hospital3 (port 5003) terminated unexpectedly!

⚠️  Server hospital1 (port 5001) terminated unexpectedly!

⚠️  Server hospital2 (port 5002) terminated unexpectedly!

⚠️  Server hospital3 (port 5003) terminated unexpectedly!

⚠️  Server hospital1 (port 5001) terminated unexpectedly!

⚠️  Server hospital2 (port 5002) terminated unexpectedly!

⚠️  Server hospital3 (port 5003) terminated unexpectedly!

⚠️  Server hospital1 (port 5001) terminated unexpectedly!

⚠️  Server hospital2 (port 5002) terminated unexpectedly!

⚠️  Server hospital3 (port 5003) terminated unexpectedly!

⚠️  Server hospital1 (port 5001) terminated unexpectedly!

⚠️  Server hospital2 (port 5002) terminated unexpectedly!

⚠️  Server hospital3 (port 5003) terminated unexpectedly!

⚠️  Server hospital1 (port 5001) terminated unexpectedly!

⚠️  Server hospital2 (port 5002) terminated unexpectedly!

⚠️  Server hospital3 (port 5003) terminated unexpectedly!

⚠️  Server hospital1 (port 5001) terminated unexpectedly!

⚠️  Server hospital2 (port 5002) terminated unexpectedly!

⚠️  Server hospital3 (port 5003) terminated unexpectedly!

⚠️  Server hospital1 (port 5001) terminated unexpectedly!

⚠️  Server hospital2 (port 5002) terminated unexpectedly!

⚠️  Server hospital3 (port 5003) terminated unexpectedly!

⚠️  Server hospital1 (port 5001) terminated unexpectedly!

⚠️  Server hospital2 (port 5002) terminated unexpectedly!

⚠️  Server hospital3 (port 5003) terminated unexpectedly!

⚠️  Server hospital1 (port 5001) terminated unexpectedly!

⚠️  Server hospital2 (port 5002) terminated unexpectedly!

⚠️  Server hospital3 (port 5003) terminated unexpectedly!

⚠️  Server hospital1 (port 5001) terminated unexpectedly!

⚠️  Server hospital2 (port 5002) terminated unexpectedly!

⚠️  Server hospital3 (port 5003) terminated unexpectedly!

⚠️  Server hospital1 (port 5001) terminated unexpectedly!

⚠️  Server hospital2 (port 5002) terminated unexpectedly!

⚠️  Server hospital3 (port 5003) terminated unexpectedly!

⚠️  Server hospital1 (port 5001) terminated unexpectedly!

⚠️  Server hospital2 (port 5002) terminated unexpectedly!

⚠️  Server hospital3 (port 5003) terminated unexpectedly!

⚠️  Server hospital1 (port 5001) terminated unexpectedly!

⚠️  Server hospital2 (port 5002) terminated unexpectedly!

⚠️  Server hospital3 (port 5003) terminated unexpectedly!

⚠️  Server hospital1 (port 5001) terminated unexpectedly!

⚠️  Server hospital2 (port 5002) terminated unexpectedly!

⚠️  Server hospital3 (port 5003) terminated unexpectedly!

⚠️  Server hospital1 (port 5001) terminated unexpectedly!

⚠️  Server hospital2 (port 5002) terminated unexpectedly!

⚠️  Server hospital3 (port 5003) terminated unexpectedly!

⚠️  Server hospital1 (port 5001) terminated unexpectedly!

⚠️  Server hospital2 (port 5002) terminated unexpectedly!

⚠️  Server hospital3 (port 5003) terminated unexpectedly!

⚠️  Server hospital1 (port 5001) terminated unexpectedly!

⚠️  Server hospital2 (port 5002) terminated unexpectedly!

⚠️  Server hospital3 (port 5003) terminated unexpectedly!

⚠️  Server hospital1 (port 5001) terminated unexpectedly!

⚠️  Server hospital2 (port 5002) terminated unexpectedly!

⚠️  Server hospital3 (port 5003) terminated unexpectedly!

⚠️  Server hospital1 (port 5001) terminated unexpectedly!

⚠️  Server hospital2 (port 5002) terminated unexpectedly!

⚠️  Server hospital3 (port 5003) terminated unexpectedly!

⚠️  Server hospital1 (port 5001) terminated unexpectedly!

⚠️  Server hospital2 (port 5002) terminated unexpectedly!

⚠️  Server hospital3 (port 5003) terminated unexpectedly!

⚠️  Server hospital1 (port 5001) terminated unexpectedly!

⚠️  Server hospital2 (port 5002) terminated unexpectedly!

⚠️  Server hospital3 (port 5003) terminated unexpectedly!

⚠️  Server hospital1 (port 5001) terminated unexpectedly!

⚠️  Server hospital2 (port 5002) terminated unexpectedly!

⚠️  Server hospital3 (port 5003) terminated unexpectedly!

⚠️  Server hospital1 (port 5001) terminated unexpectedly!

⚠️  Server hospital2 (port 5002) terminated unexpectedly!

⚠️  Server hospital3 (port 5003) terminated unexpectedly!

⚠️  Server hospital1 (port 5001) terminated unexpectedly!

⚠️  Server hospital2 (port 5002) terminated unexpectedly!

⚠️  Server hospital3 (port 5003) terminated unexpectedly!

⚠️  Server hospital1 (port 5001) terminated unexpectedly!

⚠️  Server hospital2 (port 5002) terminated unexpectedly!

⚠️  Server hospital3 (port 5003) terminated unexpectedly!

⚠️  Server hospital1 (port 5001) terminated unexpectedly!

⚠️  Server hospital2 (port 5002) terminated unexpectedly!

⚠️  Server hospital3 (port 5003) terminated unexpectedly!

⚠️  Server hospital1 (port 5001) terminated unexpectedly!

⚠️  Server hospital2 (port 5002) terminated unexpectedly!

⚠️  Server hospital3 (port 5003) terminated unexpectedly!

⚠️  Server hospital1 (port 5001) terminated unexpectedly!

⚠️  Server hospital2 (port 5002) terminated unexpectedly!

⚠️  Server hospital3 (port 5003) terminated unexpectedly!

⚠️  Server hospital1 (port 5001) terminated unexpectedly!

⚠️  Server hospital2 (port 5002) terminated unexpectedly!

⚠️  Server hospital3 (port 5003) terminated unexpectedly!

⚠️  Server hospital1 (port 5001) terminated unexpectedly!

⚠️  Server hospital2 (port 5002) terminated unexpectedly!

⚠️  Server hospital3 (port 5003) terminated unexpectedly!

⚠️  Server hospital1 (port 5001) terminated unexpectedly!

⚠️  Server hospital2 (port 5002) terminated unexpectedly!

⚠️  Server hospital3 (port 5003) terminated unexpectedly!

⚠️  Server hospital1 (port 5001) terminated unexpectedly!

⚠️  Server hospital2 (port 5002) terminated unexpectedly!

⚠️  Server hospital3 (port 5003) terminated unexpectedly!

⚠️  Server hospital1 (port 5001) terminated unexpectedly!

⚠️  Server hospital2 (port 5002) terminated unexpectedly!

⚠️  Server hospital3 (port 5003) terminated unexpectedly!

⚠️  Server hospital1 (port 5001) terminated unexpectedly!

⚠️  Server hospital2 (port 5002) terminated unexpectedly!

⚠️  Server hospital3 (port 5003) terminated unexpectedly!

⚠️  Server hospital1 (port 5001) terminated unexpectedly!

⚠️  Server hospital2 (port 5002) terminated unexpectedly!

⚠️  Server hospital3 (port 5003) terminated unexpectedly!

⚠️  Server hospital1 (port 5001) terminated unexpectedly!

⚠️  Server hospital2 (port 5002) terminated unexpectedly!

⚠️  Server hospital3 (port 5003) terminated unexpectedly!

⚠️  Server hospital1 (port 5001) terminated unexpectedly!

⚠️  Server hospital2 (port 5002) terminated unexpectedly!

⚠️  Server hospital3 (port 5003) terminated unexpectedly!

⚠️  Server hospital1 (port 5001) terminated unexpectedly!

⚠️  Server hospital2 (port 5002) terminated unexpectedly!

⚠️  Server hospital3 (port 5003) terminated unexpectedly!

⚠️  Server hospital1 (port 5001) terminated unexpectedly!

⚠️  Server hospital2 (port 5002) terminated unexpectedly!

⚠️  Server hospital3 (port 5003) terminated unexpectedly!

⚠️  Server hospital1 (port 5001) terminated unexpectedly!

⚠️  Server hospital2 (port 5002) terminated unexpectedly!

⚠️  Server hospital3 (port 5003) terminated unexpectedly!

⚠️  Server hospital1 (port 5001) terminated unexpectedly!

⚠️  Server hospital2 (port 5002) terminated unexpectedly!

⚠️  Server hospital3 (port 5003) terminated unexpectedly!

⚠️  Server hospital1 (port 5001) terminated unexpectedly!

⚠️  Server hospital2 (port 5002) terminated unexpectedly!

⚠️  Server hospital3 (port 5003) terminated unexpectedly!

⚠️  Server hospital1 (port 5001) terminated unexpectedly!

⚠️  Server hospital2 (port 5002) terminated unexpectedly!

⚠️  Server hospital3 (port 5003) terminated unexpectedly!

⚠️  Server hospital1 (port 5001) terminated unexpectedly!

⚠️  Server hospital2 (port 5002) terminated unexpectedly!

⚠️  Server hospital3 (port 5003) terminated unexpectedly!

⚠️  Server hospital1 (port 5001) terminated unexpectedly!

⚠️  Server hospital2 (port 5002) terminated unexpectedly!

⚠️  Server hospital3 (port 5003) terminated unexpectedly!

⚠️  Server hospital1 (port 5001) terminated unexpectedly!

⚠️  Server hospital2 (port 5002) terminated unexpectedly!

⚠️  Server hospital3 (port 5003) terminated unexpectedly!

⚠️  Server hospital1 (port 5001) terminated unexpectedly!

⚠️  Server hospital2 (port 5002) terminated unexpectedly!